// Jest Snapshot v1, https://goo.gl/fbAQLP

exports[`Display renders correctly 1`] = `
<a
  href="/http://localhost:3000/meals/details/52874"
  onClick={[Function]}
>
  <div>
    <h5>
      2
    </h5>
    <h3>
      Chicken
    </h3>
    <img
      alt=""
      src="www.mockurl.com"
    />
  </div>
</a>
`;
